[C]com.mxgraph.swing.mxGraphComponent
[C]java.awt.Component
[C]java.awt.Container
[C]java.awt.Frame
[C]java.awt.Window
[C]java.awt.event.WindowAdapter
[C]java.lang.Enum
[C]java.lang.Object
[C]javax.swing.JComponent
[C]javax.swing.JFrame
[C]javax.swing.JScrollPane
[C]org.javaan.CommandContext
[C]org.javaan.CommandContext$AdditionalTypeInformation
[C]org.javaan.CommandMap
[C]org.javaan.Graph2dDisplay
[C]org.javaan.Graph2dDisplay$1
[C]org.javaan.Graph2dDisplay$2
[C]org.javaan.JavaanCli
[C]org.javaan.ReturnCodes
[C]org.javaan.Settings
[C]org.javaan.commands.BaseCallGraphCommand
[C]org.javaan.commands.BaseClassDependencyGraphCommand
[C]org.javaan.commands.BaseCommand
[C]org.javaan.commands.BaseDependencyGraphCommand
[C]org.javaan.commands.BaseDependencyGraphCommand$1
[C]org.javaan.commands.BasePackageDependencyGraphCommand
[C]org.javaan.commands.BaseSetOptionsCommand
[C]org.javaan.commands.BaseTypeLoadingCommand
[C]org.javaan.commands.FilterUtil
[C]org.javaan.commands.ListClasses
[C]org.javaan.commands.ListClasses$1
[C]org.javaan.commands.ListDuplicates
[C]org.javaan.commands.ListInterfaces
[C]org.javaan.commands.ListInterfaces$1
[C]org.javaan.commands.ListMissingTypes
[C]org.javaan.commands.ListPackages
[C]org.javaan.commands.MethodMatcher
[C]org.javaan.commands.NameMatcher
[C]org.javaan.commands.ResetOptions
[C]org.javaan.commands.SetOptions
[C]org.javaan.commands.ShowCalleeGraph
[C]org.javaan.commands.ShowCallerGraph
[C]org.javaan.commands.ShowDepdendencyCyclesGraph
[C]org.javaan.commands.ShowPackageDepdendencyCyclesGraph
[C]org.javaan.commands.ShowPackageUsedGraph
[C]org.javaan.commands.ShowPackageUsingGraph
[C]org.javaan.commands.ShowUsedGraph
[C]org.javaan.commands.ShowUsingGraph
[C]org.javaan.commands.SortUtil
[C]org.javaan.commands.SortUtil$1
[C]org.javaan.jgraphx.DependencyGraphCellStyle
[C]org.javaan.jgraphx.MxGraphBuilder
