[I]com.mxgraph.analysis.mxICostFunction: 
[I]com.mxgraph.canvas.mxICanvas: 
[I]com.mxgraph.canvas.mxICanvas2D: 
[I]com.mxgraph.layout.hierarchical.model.mxGraphHierarchyModel$CellVisitor: 
[I]com.mxgraph.layout.hierarchical.stage.mxHierarchicalLayoutStage: 
[I]com.mxgraph.layout.mxIGraphLayout: 
[I]com.mxgraph.model.mxGraphModel$Filter: 
[I]com.mxgraph.model.mxICell: 
[I]com.mxgraph.model.mxIGraphModel: 
[I]com.mxgraph.reader.mxDomOutputParser$IElementHandler: 
[I]com.mxgraph.reader.mxSaxOutputHandler$IElementHandler: 
[I]com.mxgraph.shape.mxIMarker: 
[I]com.mxgraph.shape.mxIShape: 
[I]com.mxgraph.shape.mxITextShape: 
[I]com.mxgraph.swing.util.mxICellOverlay: 
[I]com.mxgraph.swing.view.mxICellEditor: 
[I]com.mxgraph.util.mxEventSource$mxIEventListener: 
[I]com.mxgraph.util.mxUndoableEdit$mxUndoableChange: 
[I]com.mxgraph.util.svg.CSSConstants: 
[I]com.mxgraph.util.svg.ErrorHandler: 
[I]com.mxgraph.util.svg.ExtendedPathIterator: 
[I]com.mxgraph.util.svg.Parser: 
[I]com.mxgraph.util.svg.PathHandler: 
[I]com.mxgraph.util.svg.PointsHandler: 
[I]com.mxgraph.util.svg.ShapeProducer: 
[I]com.mxgraph.view.mxEdgeStyle$mxEdgeStyleFunction: 
[I]com.mxgraph.view.mxGraph$mxICellVisitor: 
[I]com.mxgraph.view.mxPerimeter$mxPerimeterFunction: 
[I]java.awt.MenuContainer: 
[I]java.awt.Shape: 
[I]java.awt.datatransfer.Transferable: 
[I]java.awt.dnd.DragGestureListener: 
[I]java.awt.dnd.DragSourceListener: 
[I]java.awt.dnd.DragSourceMotionListener: 
[I]java.awt.dnd.DropTargetListener: 
[I]java.awt.event.ActionListener: [I]javax.swing.Action
[I]java.awt.event.AdjustmentListener: 
[I]java.awt.event.ComponentListener: 
[I]java.awt.event.KeyListener: 
[I]java.awt.event.MouseListener: 
[I]java.awt.event.MouseMotionListener: 
[I]java.awt.event.MouseWheelListener: 
[I]java.awt.event.WindowFocusListener: 
[I]java.awt.event.WindowListener: 
[I]java.awt.event.WindowStateListener: 
[I]java.awt.image.ImageObserver: 
[I]java.awt.print.Printable: 
[I]java.beans.PropertyChangeListener: 
[I]java.io.Closeable: 
[I]java.io.DataInput: [I]java.io.ObjectInput
[I]java.io.DataOutput: 
[I]java.io.FileFilter: [I]org.apache.commons.io.filefilter.IOFileFilter
[I]java.io.FilenameFilter: [I]org.apache.commons.io.filefilter.IOFileFilter
[I]java.io.Flushable: 
[I]java.io.ObjectInput: 
[I]java.io.ObjectStreamConstants: 
[I]java.io.Serializable: [I]org.jgrapht.experimental.dag.DirectedAcyclicGraph$TopoOrderMapping, [I]org.jgrapht.experimental.dag.DirectedAcyclicGraph$VisitedFactory, [I]org.slf4j.Marker
[I]java.lang.Appendable: 
[I]java.lang.AutoCloseable: [I]java.io.Closeable, [I]java.io.ObjectInput
[I]java.lang.CharSequence: 
[I]java.lang.Cloneable: 
[I]java.lang.Comparable: [I]org.javaan.model.NamedObject
[I]java.lang.Iterable: [I]java.util.Collection, [I]java.util.Deque, [I]java.util.List, [I]java.util.Queue, [I]java.util.Set
[I]java.lang.Readable: 
[I]java.lang.Runnable: 
[I]java.lang.annotation.Annotation: [I]org.apache.commons.lang3.builder.EqualsExclude, [I]org.apache.commons.lang3.builder.HashCodeExclude, [I]org.apache.commons.lang3.builder.ToStringExclude
[I]java.lang.reflect.GenericArrayType: 
[I]java.lang.reflect.InvocationHandler: 
[I]java.lang.reflect.ParameterizedType: 
[I]java.lang.reflect.Type: [I]java.lang.reflect.GenericArrayType, [I]java.lang.reflect.ParameterizedType, [I]java.lang.reflect.WildcardType
[I]java.lang.reflect.WildcardType: 
[I]java.util.Collection: [I]java.util.Deque, [I]java.util.List, [I]java.util.Queue, [I]java.util.Set
[I]java.util.Comparator: 
[I]java.util.Deque: 
[I]java.util.Enumeration: 
[I]java.util.EventListener: [I]java.awt.dnd.DragGestureListener, [I]java.awt.dnd.DragSourceListener, [I]java.awt.dnd.DragSourceMotionListener, [I]java.awt.dnd.DropTargetListener, [I]java.awt.event.ActionListener, [I]java.awt.event.AdjustmentListener, [I]java.awt.event.ComponentListener, [I]java.awt.event.KeyListener, [I]java.awt.event.MouseListener, [I]java.awt.event.MouseMotionListener, [I]java.awt.event.MouseWheelListener, [I]java.awt.event.WindowFocusListener, [I]java.awt.event.WindowListener, [I]java.awt.event.WindowStateListener, [I]java.beans.PropertyChangeListener, [I]javax.swing.Action, [I]javax.swing.event.ListSelectionListener, [I]org.jgrapht.event.GraphListener, [I]org.jgrapht.event.VertexSetListener
[I]java.util.Iterator: [I]java.util.ListIterator, [I]org.jgrapht.traverse.GraphIterator
[I]java.util.List: 
[I]java.util.ListIterator: 
[I]java.util.Map: 
[I]java.util.Map$Entry: 
[I]java.util.Queue: [I]java.util.Deque
[I]java.util.RandomAccess: 
[I]java.util.Set: 
[I]java.util.concurrent.Callable: 
[I]java.util.concurrent.Future: 
[I]java.util.concurrent.ThreadFactory: 
[I]javax.accessibility.Accessible: 
[I]javax.swing.Action: 
[I]javax.swing.ListModel: 
[I]javax.swing.RootPaneContainer: 
[I]javax.swing.ScrollPaneConstants: 
[I]javax.swing.SwingConstants: 
[I]javax.swing.TransferHandler$HasGetTransferHandler: 
[I]javax.swing.WindowConstants: 
[I]javax.swing.border.Border: 
[I]javax.swing.event.ListSelectionListener: 
[I]javax.swing.plaf.UIResource: 
[I]org.apache.bcel.Constants: 
[I]org.apache.bcel.ExceptionConstants: 
[I]org.apache.bcel.classfile.AttributeReader: 
[I]org.apache.bcel.classfile.ConstantObject: 
[I]org.apache.bcel.classfile.Node: 
[I]org.apache.bcel.classfile.UnknownAttributeReader: 
[I]org.apache.bcel.classfile.Visitor: 
[I]org.apache.bcel.generic.AllocationInstruction: 
[I]org.apache.bcel.generic.ClassObserver: 
[I]org.apache.bcel.generic.CompoundInstruction: 
[I]org.apache.bcel.generic.ConstantPushInstruction: 
[I]org.apache.bcel.generic.ExceptionThrower: 
[I]org.apache.bcel.generic.FieldObserver: 
[I]org.apache.bcel.generic.IndexedInstruction: 
[I]org.apache.bcel.generic.InstructionComparator: 
[I]org.apache.bcel.generic.InstructionConstants: 
[I]org.apache.bcel.generic.InstructionListObserver: 
[I]org.apache.bcel.generic.InstructionTargeter: 
[I]org.apache.bcel.generic.LoadClass: 
[I]org.apache.bcel.generic.MethodObserver: 
[I]org.apache.bcel.generic.NamedAndTyped: 
[I]org.apache.bcel.generic.PopInstruction: 
[I]org.apache.bcel.generic.PushInstruction: [I]org.apache.bcel.generic.ConstantPushInstruction
[I]org.apache.bcel.generic.StackConsumer: [I]org.apache.bcel.generic.PopInstruction
[I]org.apache.bcel.generic.StackProducer: [I]org.apache.bcel.generic.ConstantPushInstruction, [I]org.apache.bcel.generic.PushInstruction
[I]org.apache.bcel.generic.TypedInstruction: [I]org.apache.bcel.generic.ConstantPushInstruction
[I]org.apache.bcel.generic.UnconditionalBranch: 
[I]org.apache.bcel.generic.VariableLengthInstruction: 
[I]org.apache.bcel.generic.Visitor: 
[I]org.apache.bcel.util.BCELComparator: 
[I]org.apache.bcel.util.ClassPath$ClassFile: 
[I]org.apache.bcel.util.InstructionFinder$CodeConstraint: 
[I]org.apache.bcel.util.Repository: 
[I]org.apache.bcel.verifier.VerifierFactoryObserver: 
[I]org.apache.bcel.verifier.structurals.InstructionContext: 
[I]org.apache.bcel.verifier.structurals.Subroutine: 
[I]org.apache.commons.cli.CommandLineParser: 
[I]org.apache.commons.io.filefilter.ConditionalFileFilter: 
[I]org.apache.commons.io.filefilter.IOFileFilter: 
[I]org.apache.commons.io.input.TailerListener: 
[I]org.apache.commons.io.monitor.FileAlterationListener: 
[I]org.apache.commons.io.serialization.ClassNameMatcher: 
[I]org.apache.commons.lang3.ThreadUtils$ThreadGroupPredicate: 
[I]org.apache.commons.lang3.ThreadUtils$ThreadPredicate: 
[I]org.apache.commons.lang3.builder.Builder: 
[I]org.apache.commons.lang3.builder.Diffable: 
[I]org.apache.commons.lang3.builder.EqualsExclude: 
[I]org.apache.commons.lang3.builder.HashCodeExclude: 
[I]org.apache.commons.lang3.builder.ToStringExclude: 
[I]org.apache.commons.lang3.concurrent.CircuitBreaker: 
[I]org.apache.commons.lang3.concurrent.ConcurrentInitializer: 
[I]org.apache.commons.lang3.exception.ExceptionContext: 
[I]org.apache.commons.lang3.mutable.Mutable: 
[I]org.apache.commons.lang3.reflect.Typed: 
[I]org.apache.commons.lang3.text.FormatFactory: 
[I]org.apache.commons.lang3.time.DateParser: 
[I]org.apache.commons.lang3.time.DatePrinter: 
[I]org.apache.commons.lang3.time.FastDatePrinter$NumberRule: 
[I]org.apache.commons.lang3.time.FastDatePrinter$Rule: [I]org.apache.commons.lang3.time.FastDatePrinter$NumberRule
[I]org.javaan.Command: 
[I]org.javaan.commands.FilterUtil$Matcher: 
[I]org.javaan.commands.StandardOptions: 
[I]org.javaan.graph.GraphVisitor: [I]org.javaan.graph.VertexEdgeGraphVisitor
[I]org.javaan.graph.VertexEdgeGraphVisitor: 
[I]org.javaan.jgraphx.CellStyle: 
[I]org.javaan.model.GraphView: [I]org.javaan.model.TreeView
[I]org.javaan.model.MethodResolver: 
[I]org.javaan.model.NamedObject: 
[I]org.javaan.model.NamedObjectRepository: 
[I]org.javaan.model.TreeView: 
[I]org.javaan.print.ObjectFormatter: 
[I]org.jgrapht.DirectedGraph: 
[I]org.jgrapht.EdgeFactory: 
[I]org.jgrapht.Graph: [I]org.jgrapht.DirectedGraph, [I]org.jgrapht.ListenableGraph, [I]org.jgrapht.UndirectedGraph, [I]org.jgrapht.WeightedGraph
[I]org.jgrapht.GraphMapping: 
[I]org.jgrapht.GraphPath: 
[I]org.jgrapht.ListenableGraph: 
[I]org.jgrapht.UndirectedGraph: 
[I]org.jgrapht.VertexFactory: 
[I]org.jgrapht.WeightedGraph: 
[I]org.jgrapht.alg.PathValidator: 
[I]org.jgrapht.alg.cycle.DirectedSimpleCycles: 
[I]org.jgrapht.alg.cycle.UndirectedCycleBase: 
[I]org.jgrapht.alg.interfaces.AStarAdmissibleHeuristic: 
[I]org.jgrapht.alg.interfaces.EulerianCycleAlgorithm: 
[I]org.jgrapht.alg.interfaces.KShortestPathAlgorithm: 
[I]org.jgrapht.alg.interfaces.MatchingAlgorithm: [I]org.jgrapht.alg.interfaces.WeightedMatchingAlgorithm
[I]org.jgrapht.alg.interfaces.MatchingAlgorithm$Matching: 
[I]org.jgrapht.alg.interfaces.MaximumFlowAlgorithm: 
[I]org.jgrapht.alg.interfaces.MaximumFlowAlgorithm$MaximumFlow: 
[I]org.jgrapht.alg.interfaces.MinimumSTCutAlgorithm: 
[I]org.jgrapht.alg.interfaces.MinimumSpanningTree: 
[I]org.jgrapht.alg.interfaces.MinimumVertexCoverAlgorithm: [I]org.jgrapht.alg.interfaces.MinimumWeightedVertexCoverAlgorithm
[I]org.jgrapht.alg.interfaces.MinimumVertexCoverAlgorithm$VertexCover: 
[I]org.jgrapht.alg.interfaces.MinimumWeightedVertexCoverAlgorithm: 
[I]org.jgrapht.alg.interfaces.ShortestPathAlgorithm: 
[I]org.jgrapht.alg.interfaces.ShortestPathAlgorithm$SingleSourcePaths: 
[I]org.jgrapht.alg.interfaces.SpannerAlgorithm: 
[I]org.jgrapht.alg.interfaces.SpannerAlgorithm$Spanner: 
[I]org.jgrapht.alg.interfaces.SpanningTreeAlgorithm: 
[I]org.jgrapht.alg.interfaces.SpanningTreeAlgorithm$SpanningTree: 
[I]org.jgrapht.alg.interfaces.StrongConnectivityAlgorithm: 
[I]org.jgrapht.alg.interfaces.VertexScoringAlgorithm: 
[I]org.jgrapht.alg.interfaces.WeightedMatchingAlgorithm: 
[I]org.jgrapht.alg.isomorphism.IsomorphismInspector: 
[I]org.jgrapht.alg.shortestpath.PathValidator: 
[I]org.jgrapht.alg.util.extension.Extension: 
[I]org.jgrapht.alg.util.extension.ExtensionFactory: 
[I]org.jgrapht.event.GraphListener: 
[I]org.jgrapht.event.TraversalListener: 
[I]org.jgrapht.event.VertexSetListener: [I]org.jgrapht.event.GraphListener
[I]org.jgrapht.experimental.alg.ApproximationAlgorithm: 
[I]org.jgrapht.experimental.alg.ExactAlgorithm: 
[I]org.jgrapht.experimental.dag.DirectedAcyclicGraph$TopoOrderMapping: 
[I]org.jgrapht.experimental.dag.DirectedAcyclicGraph$TopoOrderMappingFactory: 
[I]org.jgrapht.experimental.dag.DirectedAcyclicGraph$Visited: 
[I]org.jgrapht.experimental.dag.DirectedAcyclicGraph$VisitedFactory: 
[I]org.jgrapht.generate.GraphGenerator: 
[I]org.jgrapht.graph.EdgeSetFactory: 
[I]org.jgrapht.graph.MaskFunctor: 
[I]org.jgrapht.graph.specifics.Specifics: 
[I]org.jgrapht.traverse.CrossComponentIterator$SimpleContainer: 
[I]org.jgrapht.traverse.GraphIterator: 
[I]org.jgrapht.util.PrefetchIterator$NextElementFunctor: 
[I]org.jgrapht.util.WeightCombiner: 
[I]org.slf4j.ILoggerFactory: 
[I]org.slf4j.IMarkerFactory: 
[I]org.slf4j.Logger: [I]org.slf4j.spi.LocationAwareLogger
[I]org.slf4j.Marker: 
[I]org.slf4j.event.LoggingEvent: 
[I]org.slf4j.spi.LocationAwareLogger: 
[I]org.slf4j.spi.LoggerFactoryBinder: 
[I]org.slf4j.spi.MDCAdapter: 
[I]org.slf4j.spi.MarkerFactoryBinder: 
[I]org.xml.sax.ContentHandler: 
[I]org.xml.sax.DTDHandler: 
[I]org.xml.sax.EntityResolver: 
[I]org.xml.sax.ErrorHandler: 
